<?xml version="1.0" encoding="utf-8"?><testsuites><testsuite name="pytest" errors="0" failures="0" skipped="0" tests="5" time="102.518" timestamp="2022-02-08T07:39:31.522271" hostname="ffptn3849"><testcase classname="tests.sportscar.body.test_body.BodyTests" name="test_can_navigate_to_body_page" time="20.179" /><testcase classname="tests.sportscar.body.test_body.BodyTests" name="test_bumper" time="0.001" /><testcase classname="tests.sportscar.body.test_body.BodyTests" name="test_windshield" time="0.001" /><testcase classname="tests.sportscar.engine.test_engine" name="test_can_navigate_to_engine_page" time="31.511" /><testcase classname="tests.sportscar.entertainment.test_entertainment" name="test_can_navigate_to_entertainment_page" time="50.717" /></testsuite></testsuites>